mode: set
github.com/luigizuccarelli/iotpaas-auth-interface/pkg/validator/validate.go:13.59,17.27 4 1
github.com/luigizuccarelli/iotpaas-auth-interface/pkg/validator/validate.go:25.2,25.12 1 1
github.com/luigizuccarelli/iotpaas-auth-interface/pkg/validator/validate.go:17.27,18.15 1 1
github.com/luigizuccarelli/iotpaas-auth-interface/pkg/validator/validate.go:23.3,23.69 1 0
github.com/luigizuccarelli/iotpaas-auth-interface/pkg/validator/validate.go:18.15,21.4 2 1
github.com/luigizuccarelli/iotpaas-auth-interface/pkg/validator/validate.go:30.50,38.23 2 1
github.com/luigizuccarelli/iotpaas-auth-interface/pkg/validator/validate.go:43.2,43.12 1 1
github.com/luigizuccarelli/iotpaas-auth-interface/pkg/validator/validate.go:38.23,39.54 1 1
github.com/luigizuccarelli/iotpaas-auth-interface/pkg/validator/validate.go:39.54,41.4 1 1
github.com/luigizuccarelli/iotpaas-auth-interface/pkg/handlers/handler.go:23.54,27.2 3 1
github.com/luigizuccarelli/iotpaas-auth-interface/pkg/handlers/handler.go:30.83,36.74 4 1
github.com/luigizuccarelli/iotpaas-auth-interface/pkg/handlers/handler.go:45.2,69.97 17 1
github.com/luigizuccarelli/iotpaas-auth-interface/pkg/handlers/handler.go:73.2,75.39 2 1
github.com/luigizuccarelli/iotpaas-auth-interface/pkg/handlers/handler.go:83.2,86.8 4 1
github.com/luigizuccarelli/iotpaas-auth-interface/pkg/handlers/handler.go:36.74,42.3 5 1
github.com/luigizuccarelli/iotpaas-auth-interface/pkg/handlers/handler.go:69.97,71.3 1 1
github.com/luigizuccarelli/iotpaas-auth-interface/pkg/handlers/handler.go:75.39,78.3 2 1
github.com/luigizuccarelli/iotpaas-auth-interface/pkg/handlers/handler.go:78.8,81.3 2 1
github.com/luigizuccarelli/iotpaas-auth-interface/pkg/handlers/handler.go:90.57,91.35 1 1
github.com/luigizuccarelli/iotpaas-auth-interface/pkg/handlers/handler.go:94.2,99.134 5 1
github.com/luigizuccarelli/iotpaas-auth-interface/pkg/handlers/handler.go:91.35,93.3 1 0
github.com/luigizuccarelli/iotpaas-auth-interface/pkg/handlers/handler.go:103.86,105.30 1 1
github.com/luigizuccarelli/iotpaas-auth-interface/pkg/handlers/handler.go:110.2,110.48 1 1
github.com/luigizuccarelli/iotpaas-auth-interface/pkg/handlers/handler.go:105.30,108.3 2 1
github.com/luigizuccarelli/iotpaas-auth-interface/pkg/handlers/handler.go:113.71,114.53 1 1
github.com/luigizuccarelli/iotpaas-auth-interface/pkg/handlers/handler.go:117.2,117.8 1 1
github.com/luigizuccarelli/iotpaas-auth-interface/pkg/handlers/handler.go:114.53,116.3 1 1
github.com/luigizuccarelli/iotpaas-auth-interface/pkg/handlers/handler.go:120.96,123.33 2 1
github.com/luigizuccarelli/iotpaas-auth-interface/pkg/handlers/handler.go:127.2,127.43 1 1
github.com/luigizuccarelli/iotpaas-auth-interface/pkg/handlers/handler.go:132.2,132.78 1 1
github.com/luigizuccarelli/iotpaas-auth-interface/pkg/handlers/handler.go:137.2,137.63 1 1
github.com/luigizuccarelli/iotpaas-auth-interface/pkg/handlers/handler.go:142.2,142.13 1 1
github.com/luigizuccarelli/iotpaas-auth-interface/pkg/handlers/handler.go:123.33,125.3 1 1
github.com/luigizuccarelli/iotpaas-auth-interface/pkg/handlers/handler.go:127.43,130.3 2 1
github.com/luigizuccarelli/iotpaas-auth-interface/pkg/handlers/handler.go:132.78,135.3 2 1
github.com/luigizuccarelli/iotpaas-auth-interface/pkg/handlers/handler.go:137.63,140.3 2 1
github.com/luigizuccarelli/iotpaas-auth-interface/pkg/handlers/handler.go:145.78,146.29 1 1
github.com/luigizuccarelli/iotpaas-auth-interface/pkg/handlers/handler.go:152.2,152.8 1 1
github.com/luigizuccarelli/iotpaas-auth-interface/pkg/handlers/handler.go:146.29,147.28 1 1
github.com/luigizuccarelli/iotpaas-auth-interface/pkg/handlers/handler.go:147.28,149.9 2 1
github.com/luigizuccarelli/iotpaas-auth-interface/pkg/handlers/handler.go:155.116,156.32 1 1
github.com/luigizuccarelli/iotpaas-auth-interface/pkg/handlers/handler.go:162.2,162.8 1 1
github.com/luigizuccarelli/iotpaas-auth-interface/pkg/handlers/handler.go:156.32,157.31 1 1
github.com/luigizuccarelli/iotpaas-auth-interface/pkg/handlers/handler.go:157.31,159.9 2 1
github.com/luigizuccarelli/iotpaas-auth-interface/pkg/handlers/handler.go:165.106,166.36 1 1
github.com/luigizuccarelli/iotpaas-auth-interface/pkg/handlers/handler.go:173.2,173.8 1 1
github.com/luigizuccarelli/iotpaas-auth-interface/pkg/handlers/handler.go:166.36,168.55 2 1
github.com/luigizuccarelli/iotpaas-auth-interface/pkg/handlers/handler.go:168.55,170.9 2 1
github.com/luigizuccarelli/iotpaas-auth-interface/pkg/handlers/handler.go:177.86,180.39 2 1
github.com/luigizuccarelli/iotpaas-auth-interface/pkg/handlers/handler.go:185.2,186.29 2 1
github.com/luigizuccarelli/iotpaas-auth-interface/pkg/handlers/handler.go:191.2,193.27 3 1
github.com/luigizuccarelli/iotpaas-auth-interface/pkg/handlers/handler.go:202.2,204.26 3 1
github.com/luigizuccarelli/iotpaas-auth-interface/pkg/handlers/handler.go:213.2,215.35 3 1
github.com/luigizuccarelli/iotpaas-auth-interface/pkg/handlers/handler.go:224.2,224.119 1 1
github.com/luigizuccarelli/iotpaas-auth-interface/pkg/handlers/handler.go:180.39,183.3 2 1
github.com/luigizuccarelli/iotpaas-auth-interface/pkg/handlers/handler.go:186.29,189.3 2 1
github.com/luigizuccarelli/iotpaas-auth-interface/pkg/handlers/handler.go:193.27,196.47 2 1
github.com/luigizuccarelli/iotpaas-auth-interface/pkg/handlers/handler.go:199.3,199.53 1 1
github.com/luigizuccarelli/iotpaas-auth-interface/pkg/handlers/handler.go:196.47,198.4 1 1
github.com/luigizuccarelli/iotpaas-auth-interface/pkg/handlers/handler.go:204.26,207.46 2 1
github.com/luigizuccarelli/iotpaas-auth-interface/pkg/handlers/handler.go:210.3,210.51 1 1
github.com/luigizuccarelli/iotpaas-auth-interface/pkg/handlers/handler.go:207.46,209.4 1 1
github.com/luigizuccarelli/iotpaas-auth-interface/pkg/handlers/handler.go:215.35,218.47 2 1
github.com/luigizuccarelli/iotpaas-auth-interface/pkg/handlers/handler.go:221.3,221.61 1 1
github.com/luigizuccarelli/iotpaas-auth-interface/pkg/handlers/handler.go:218.47,220.4 1 1
